// Jest Snapshot v1, https://goo.gl/fbAQLP

exports[`<FilmCard /> should render correctly 1`] = `
<article
  className="small-movie-card catalog__movies-card"
  onClick={[Function]}
  onMouseEnter={[Function]}
  onMouseLeave={[Function]}
>
  <div
    className="small-movie-card__image"
  >
    <img
      alt="War of the Worlds"
      height="175"
      src="img/war-of-the-worlds.jpg"
      width="280"
    />
  </div>
  <h3
    className="small-movie-card__title"
  >
    <a
      className="small-movie-card__link"
      href="/films/war-of-the-worlds"
      onClick={[Function]}
    >
      War of the Worlds
    </a>
  </h3>
</article>
`;
