// Jest Snapshot v1, https://goo.gl/fbAQLP

exports[`<VideoPlayer /> should render correctly 1`] = `
<video
  autoPlay={true}
  height="175"
  poster="img/war-of-the-worlds.jpg"
  src="https://download.blender.org/durian/trailer/sintel_trailer-480p.mp4"
  width="280"
/>
`;
