// Jest Snapshot v1, https://goo.gl/fbAQLP

exports[`<FilmsList /> should render correctly 1`] = `
<div
  className="catalog__movies-list"
>
  <article
    className="small-movie-card catalog__movies-card"
    onClick={[Function]}
    onMouseEnter={[Function]}
    onMouseLeave={[Function]}
  >
    <div
      className="small-movie-card__image"
    >
      <img
        alt="Pulp Fiction"
        height="175"
        src="img/shutter-island.jpg"
        width="280"
      />
    </div>
    <h3
      className="small-movie-card__title"
    >
      <a
        className="small-movie-card__link"
        href="/films/shutter-island"
        onClick={[Function]}
      >
        Shutter Island
      </a>
    </h3>
  </article>
  <article
    className="small-movie-card catalog__movies-card"
    onClick={[Function]}
    onMouseEnter={[Function]}
    onMouseLeave={[Function]}
  >
    <div
      className="small-movie-card__image"
    >
      <img
        alt="Pulp Fiction"
        height="175"
        src="img/snatch.jpg"
        width="280"
      />
    </div>
    <h3
      className="small-movie-card__title"
    >
      <a
        className="small-movie-card__link"
        href="/films/snatch"
        onClick={[Function]}
      >
        Snatch
      </a>
    </h3>
  </article>
</div>
`;
